// Jest Snapshot v1, https://goo.gl/fbAQLP

exports[`renders correctly 1`] = `
<div
  className="body"
>
  <div
    className="plot"
    style={
      Object {
        "display": "inline-block",
        "position": "relative",
      }
    }
  />
</div>
`;
